MAP
    NAME "Mining_Systems"
    PROJECTION
      'init=epsg:3395'
    END
    WEB
      METADATA
        'wms_title'           'Shipcore_Mining_Systems'
        'wms_onlineresource'  'http://localhost/cgi-bin/mapserv.exe?map=C:/Users/mcier/Documents/ArcGIS/Projects/shipcore/QGIS/Git/SC_MAP/SC_WEB_MAP/mapserver/mining_systems.map'
        'wms_srs'             'EPSG:3395'
        'wms_enable_request'  '*'
      END
    END
    SIZE 256 256
    UNITS meters
    EXTENT 9500 2000 77000 69000 # L D R U
    SHAPEPATH './data/shp'
  
    IMAGECOLOR '#FFFFFF00'
    IMAGETYPE png
  
    OUTPUTFORMAT
      NAME png
      DRIVER 'AGG/PNG'
      MIMETYPE 'image/png'
      IMAGEMODE RGBA
      EXTENSION 'png'
    END

    SYMBOL
      NAME 'diamond'
      TYPE vector
      FILLED true
      POINTS
        0.5 1
        1 0.5
        0.5 0
        0 0.5
        0.5 1
      END
    END
  
    LAYER
      NAME 'mining_sts'
      TYPE POINT
      EXTENT 9500 2000 77000 69000
      DATA 'mining_systems.shp'
      STATUS DEFAULT
  
      METADATA
        'wms_title' 'Shipcore_Mining_Systems'
        'wms_enable_request' '*'
      END
  
      PROJECTION
        'init=epsg:3395'
      END
  
      CLASS
        NAME 'Mining_Systems' 

        STYLE
            SYMBOL 'diamond'
            WIDTH 3
		    COLOR 174 9 0
		    OUTLINECOLOR 0 0 0
		    SIZE 20
        END
      END
    END
  END