MAP
    NAME "Shipcore_Basemap_2"
    PROJECTION
        'init=epsg:3395'
    END
    WEB
        METADATA
            'wms_title'           'Shipcore_Basemap_2'
            'wms_onlineresource'  'http://localhost/cgi-bin/mapserv.exe?map=C:/szkola/WebGIS/Projekt/SC_MAP/SC_WEB_MAP/mapserver/shipcore_basemap_2.map'
            'wms_srs'             'EPSG:3395'
            'wms_enable_request'  '*'
        END
    END
    SIZE 12097 8482
    UNITS meters
    EXTENT -153000 -100000 222000 163000 # L D R U
    SHAPEPATH './data'
  
    IMAGECOLOR '#FFFFFF00'
    IMAGETYPE png
  
    OUTPUTFORMAT
        NAME png
        DRIVER 'AGG/PNG'
        MIMETYPE 'image/png'
        IMAGEMODE RGBA
        EXTENSION 'png'
    END
  
    LAYER
        NAME 'jwst_raster'
        TYPE RASTER
        EXTENT -152767.8309 -99075.2048 221827.3800 162607.5054
        DATA 'basemap_2.jpg'
        STATUS DEFAULT
  
        METADATA
            'wms_title' 'raster'
            'wms_enable_request' '*'
        END
  
        PROJECTION
            'init=epsg:3395'
        END
  
        CLASS
            NAME 'raster' 
        END
    END
  END