MAP
    NAME "Subregions"
    PROJECTION
      'init=epsg:3395'
    END
    WEB
      METADATA
        'wms_title'           'Shipcore_Subregions'
        'wms_onlineresource'  'http://localhost/cgi-bin/mapserv.exe?map=C:/szkola/WebGIS/Projekt/SC_MAP/SC_WEB_MAP/mapserver/subregions.map'
        'wms_srs'             'EPSG:3395'
        'wms_enable_request'  '*'
      END
    END
    SIZE 256 256
    UNITS meters
    EXTENT 800 500 80000 78000 # L D R U
    SHAPEPATH './data/shp'
  
    IMAGECOLOR '#FFFFFF00'
    IMAGETYPE png
  
    OUTPUTFORMAT
      NAME png
      DRIVER 'AGG/PNG'
      MIMETYPE 'image/png'
      IMAGEMODE RGBA
      EXTENSION 'png'
    END
  
    LAYER
      NAME 'subregions'
      TYPE POLYGON
      EXTENT 800 500 80000 78000
      DATA 'subregions.shp'
      STATUS DEFAULT
  
      METADATA
        'wms_title' 'Shipcore_Subregions'
        'wms_enable_request' '*'
      END
  
      PROJECTION
        'init=epsg:3395'
      END
  
      CLASS
        NAME 'subregions' 

        STYLE
            WIDTH 1
		    OUTLINECOLOR 0 0 0
        END
      END
    END
  END